D:\Ermishin 3\527пресс PYE10\527Е3.dwg,Model,26.03.2010 15:29:40,083-ermishin,HP LaserJet 5100 PCL 6,A3,0.0393701:2.02455,
D:\Ermishin 3\527пресс PYE10\527Е3.dwg,Model,05.04.2010 9:19:07,083-ermishin,HP LaserJet 5100 PCL 6,A3,0.0393701:2.04882,
D:\Ermishin 3\527пресс PYE10\527Е3.dwg,Model,05.04.2010 9:46:16,083-ermishin,HP LaserJet 5100 PCL 6,A3,0.0393701:2.04188,
D:\Ermishin 3\527пресс PYE10\527Е3.dwg,Model,19.04.2010 9:22:01,083-ermishin,HP DesignJet 750C+ (E/A0) by HP,Oversize: ISO A1  (landscape),0.0393701:1,
D:\Ermishin 3\527пресс PYE10\527E4.dwg,Model,19.04.2010 9:28:08,083-ermishin,HP DesignJet 750C+ (E/A0) by HP,Oversize: ISO A1  (landscape),0.0393701:1,
D:\Ermishin 3\527пресс PYE10\527vp.dwg,Model,19.04.2010 10:41:58,083-ermishin,HP DesignJet 750C+ (E/A0) by HP,Oversize: ISO A1  (landscape),0.0393701:1.0101,
D:\Ermishin 3\527пресс PYE10\527Е3.dwg,Model,19.04.2010 12:53:09,083-ermishin,HP LaserJet 5100 PCL 6,A4,0.0393701:1.04215,
D:\PUPO\Ермишин\Ermishin 3\527пресс PYE100S1\527Е3.dwg,Model,25.08.2010 9:39:56,Администратор,hp LaserJet 1010 Series Driver,A4,1:2.96618,
D:\PUPO\Ермишин\Ermishin 3\527пресс PYE100S1\527Е3.dwg,Model,24.05.2011 15:58:20,Администратор,hp LaserJet 1010 Series Driver,A4,1:2.96618,
D:\PUPO\Ермишин\Ermishin 3\527пресс PYE100S1\527Е3.dwg,Model,28.10.2011 13:55:41,Администратор,hp LaserJet 1010 Series Driver,A4,1:3.02824,
D:\PUPO\Ермишин\Ermishin 3\527пресс PYE100S1\527Е3.dwg,Model,12.04.2012 9:31:23,Администратор,hp LaserJet 1010 Series Driver.pc3,A4,1:2.97616,
D:\PUPO\Ермишин\Ermishin 3\527пресс PYE100S1\527Е3.dwg,Model,28.06.2012 10:54:43,Администратор,hp LaserJet 1010 Series Driver,A4,1:2.95619,
D:\PUPO\Ермишин\Ermishin 3\527пресс PYE100S1\527Е3.dwg,Model,10.09.2012 9:23:09,Администратор,hp LaserJet 1010 Series Driver,A4,1:2.93317,
D:\Dropbox\Работа\Ермишин\Ermishin 3\527пресс PYE100S1\527Е3.dwg,Модель,14.09.2015 19:28:26,RosemiNext,HP Deskjet 1510 series,A4,1:3.18633,
D:\Dropbox\Работа\Ермишин\Ermishin 3\527пресс PYE100S1\527Е3.dwg,Модель,14.09.2015 19:31:06,RosemiNext,HP Deskjet 1510 series,A4,1:2.26416,
D:\Dropbox\Работа\Ермишин\Ermishin 3\527пресс PYE100S1\527Е3.dwg,Модель,22.10.2015 22:01:41,RosemiNext,HP Deskjet 1510 series,A4,1:2.24622,
D:\Dropbox\Работа\Ермишин\Ermishin 3\527пресс PYE100S1\527Е3.dwg,Модель,22.10.2015 22:03:18,RosemiNext,HP Deskjet 1510 series,A4,1:2.24622,
D:\Dropbox\Работа\Ермишин\Ermishin 3\527пресс PYE100S1\527Е3.dwg,Модель,22.10.2015 22:06:08,RosemiNext,HP Deskjet 1510 series,A4,1:2.1601,
D:\Dropbox\Работа\Ермишин\Ermishin 3\527пресс PYE100S1\527Е3.dwg,Модель,22.10.2015 22:08:04,RosemiNext,HP Deskjet 1510 series,A4,1:0.717641,
D:\Dropbox\Работа\Ермишин\Ermishin 3\527пресс PYE100S1\527Е3.dwg,Модель,22.10.2015 22:09:08,RosemiNext,HP Deskjet 1510 series,A4,1:2.92797,
G:\527пресс PYE100S1\527Е3.dwg,Модель,23.10.2015 7:32:21,pupo,hp LaserJet 1010 5,A4,1:2.22188,
G:\527пресс PYE100S1\527Е3.dwg,Модель,23.10.2015 7:34:23,pupo,hp LaserJet 1010 5,A4,1:2.14191,
